node : FAILED: {
At line:1 char:1
+ node 
test_signup.js > 
test_error.log 2>&1
+ ~~~~~~~~~~~~~~~~~~~
~~~~~~~~~~~~~~~~~~~~~
~
    + CategoryInfo   
           : NotSpe  
  cified: (FAILED:   
  {:String) [], R    
emoteException
    + FullyQualified 
   ErrorId : Native  
  CommandError
 
  message: 'Server 
error during 
registration',
  error: 'next is 
not a function',
  stack: 'TypeError: 
next is not a 
function\n' +
    '    at 
model.<anonymous> (C:
\\Users\\Aradhya\\One
Drive\\Desktop\\grade
dAssignment2\\backend
\\models\\User.js:20:
9)\n' +
    '    at async 
Kareem.execPre (C:\\U
sers\\Aradhya\\OneDri
ve\\Desktop\\gradedAs
signment2\\backend\\n
ode_modules\\kareem\\
index.js:70:24)\n' +
    '    at async 
model.$__save (C:\\Us
ers\\Aradhya\\OneDriv
e\\Desktop\\gradedAss
ignment2\\backend\\no
de_modules\\mongoose\
\lib\\model.js:371:5)
\n' +
    '    at async 
model.save (C:\\Users
\\Aradhya\\OneDrive\\
Desktop\\gradedAssign
ment2\\backend\\node_
modules\\mongoose\\li
b\\model.js:614:5)\n'
 +
    '    at async C:\
\Users\\Aradhya\\OneD
rive\\Desktop\\graded
Assignment2\\backend\
\routes\\auth.js:25:9
'
}
